
> theautodoctor@0.1.0 typecheck
> tsc --noEmit --pretty false

src/app/api/sessions/[id]/end/route.ts(7,10): error TS6133: 'assertTransition' is declared but its value is never read.
src/app/api/sessions/[id]/end/route.ts(7,48): error TS2724: '"@/lib/sessionFsm"' has no exported member named 'SessionStatus'. Did you mean 'SessionState'?
src/app/api/sessions/[id]/end/route.ts(119,27): error TS2339: Property 'ended_at' does not exist on type '{ id: string; status: SessionStatus; plan: string; type: SessionType; started_at: string | null; mechanic_id: string | null; customer_user_id: string | null; metadata: Json; }'.
src/app/api/sessions/[id]/end/route.ts(119,39): error TS2448: Block-scoped variable 'now' used before its declaration.
src/app/api/sessions/[id]/end/route.ts(119,39): error TS2454: Variable 'now' is used before being assigned.
src/app/api/sessions/[id]/end/route.ts(134,21): error TS2448: Block-scoped variable 'now' used before its declaration.
src/app/api/sessions/[id]/end/route.ts(134,21): error TS2454: Variable 'now' is used before being assigned.
src/app/api/sessions/[id]/end/route.ts(135,23): error TS2448: Block-scoped variable 'now' used before its declaration.
src/app/api/sessions/[id]/end/route.ts(135,23): error TS2454: Variable 'now' is used before being assigned.
src/app/api/sessions/[id]/end/route.ts(140,25): error TS2448: Block-scoped variable 'now' used before its declaration.
src/app/api/sessions/[id]/end/route.ts(140,25): error TS2454: Variable 'now' is used before being assigned.
src/app/api/sessions/[id]/end/route.ts(167,23): error TS2448: Block-scoped variable 'now' used before its declaration.
src/app/api/sessions/[id]/end/route.ts(167,23): error TS2454: Variable 'now' is used before being assigned.
src/app/api/sessions/[id]/end/route.ts(176,11): error TS2448: Block-scoped variable 'acceptHeader' used before its declaration.
src/app/api/sessions/[id]/end/route.ts(176,11): error TS2454: Variable 'acceptHeader' is used before being assigned.
src/app/api/sessions/[id]/end/route.ts(176,57): error TS2448: Block-scoped variable 'contentType' used before its declaration.
src/app/api/sessions/[id]/end/route.ts(176,57): error TS2454: Variable 'contentType' is used before being assigned.
src/app/api/sessions/[id]/end/route.ts(180,68): error TS2448: Block-scoped variable 'now' used before its declaration.
src/app/api/sessions/[id]/end/route.ts(180,68): error TS2454: Variable 'now' is used before being assigned.
src/app/api/sessions/[id]/end/route.ts(435,13): error TS2769: No overload matches this call.
  Overload 1 of 2, '(relation: "sessions" | "mechanics" | "contact_requests" | "intakes" | "intake_deletions" | "session_requests" | "session_participants" | "session_files" | "chat_messages" | "stripe_events" | ... 15 more ... | "profiles"): PostgrestQueryBuilder<...>', gave the following error.
    Argument of type '"users"' is not assignable to parameter of type '"sessions" | "mechanics" | "contact_requests" | "intakes" | "intake_deletions" | "session_requests" | "session_participants" | "session_files" | "chat_messages" | "stripe_events" | ... 15 more ... | "profiles"'.
  Overload 2 of 2, '(relation: never): PostgrestQueryBuilder<{ PostgrestVersion: "12"; }, { Tables: { contact_requests: { Row: { id: string; created_at: string; name: string; email: string; reason: string; subject: string; message: string; attachment_path: string | null; attachment_url: string | null; status: string; metadata: Json; }; Insert: { ...; }; Update: { ...; }; Relationships: []; }; ... 24 more ...; profiles: { ...; }; }; Views: {}; Functions: { ...; }; Enums: { ...; }; CompositeTypes: {}; }, never, never, never>', gave the following error.
    Argument of type 'string' is not assignable to parameter of type 'never'.
src/app/api/sessions/[id]/end/route.ts(437,17): error TS2345: Argument of type 'string | null' is not assignable to parameter of type 'string'.
  Type 'null' is not assignable to type 'string'.
src/app/api/sessions/[id]/end/route.ts(443,22): error TS2345: Argument of type 'string | null' is not assignable to parameter of type '{}'.
  Type 'null' is not assignable to type '{}'.
src/app/api/sessions/[id]/end/route.ts(446,19): error TS2339: Property 'email' does not exist on type 'SelectQueryError<"column 'email' does not exist on 'sessions'."> | SelectQueryError<"column 'email' does not exist on 'mechanics'."> | ... 23 more ... | SelectQueryError<...>'.
  Property 'email' does not exist on type 'SelectQueryError<"column 'email' does not exist on 'sessions'.">'.
src/app/api/sessions/[id]/end/route.ts(448,32): error TS18047: 'durationMinutes' is possibly 'null'.
src/app/api/sessions/[id]/end/route.ts(449,23): error TS18047: 'durationMinutes' is possibly 'null'.
src/app/api/sessions/[id]/end/route.ts(455,33): error TS2339: Property 'email' does not exist on type 'SelectQueryError<"column 'email' does not exist on 'sessions'."> | SelectQueryError<"column 'email' does not exist on 'mechanics'."> | ... 23 more ... | SelectQueryError<...>'.
  Property 'email' does not exist on type 'SelectQueryError<"column 'email' does not exist on 'sessions'.">'.
src/app/api/sessions/[id]/end/route.ts(456,32): error TS2339: Property 'full_name' does not exist on type 'SelectQueryError<"column 'email' does not exist on 'sessions'."> | SelectQueryError<"column 'email' does not exist on 'mechanics'."> | ... 23 more ... | SelectQueryError<...>'.
  Property 'full_name' does not exist on type 'SelectQueryError<"column 'email' does not exist on 'sessions'.">'.
src/app/api/sessions/[id]/files/route.ts(165,52): error TS2769: No overload matches this call.
  Overload 1 of 2, '(values: { id?: string | undefined; created_at?: string | undefined; session_id: string; uploaded_by: string; file_name: string; file_size: number; file_type: string; storage_path: string; file_url?: string | ... 1 more ... | undefined; description?: string | ... 1 more ... | undefined; metadata?: Json | undefined; }, options?: { ...; } | undefined): PostgrestFilterBuilder<...>', gave the following error.
    Object literal may only specify known properties, and 'name' does not exist in type '{ id?: string | undefined; created_at?: string | undefined; session_id: string; uploaded_by: string; file_name: string; file_size: number; file_type: string; storage_path: string; file_url?: string | ... 1 more ... | undefined; description?: string | ... 1 more ... | undefined; metadata?: Json | undefined; }'.
  Overload 2 of 2, '(values: { id?: string | undefined; created_at?: string | undefined; session_id: string; uploaded_by: string; file_name: string; file_size: number; file_type: string; storage_path: string; file_url?: string | ... 1 more ... | undefined; description?: string | ... 1 more ... | undefined; metadata?: Json | undefined; }[], options?: { ...; } | undefined): PostgrestFilterBuilder<...>', gave the following error.
    Object literal may only specify known properties, and 'session_id' does not exist in type '{ id?: string | undefined; created_at?: string | undefined; session_id: string; uploaded_by: string; file_name: string; file_size: number; file_type: string; storage_path: string; file_url?: string | ... 1 more ... | undefined; description?: string | ... 1 more ... | undefined; metadata?: Json | undefined; }[]'.
src/app/api/sessions/[id]/files/route.ts(196,28): error TS2339: Property 'name' does not exist on type '{ id: string; created_at: string; session_id: string; uploaded_by: string; file_name: string; file_size: number; file_type: string; storage_path: string; file_url: string | null; description: string | null; metadata: Json; }'.
src/app/api/sessions/[id]/files/route.ts(197,28): error TS2339: Property 'size' does not exist on type '{ id: string; created_at: string; session_id: string; uploaded_by: string; file_name: string; file_size: number; file_type: string; storage_path: string; file_url: string | null; description: string | null; metadata: Json; }'.
src/app/api/sessions/[id]/status/route.ts(91,42): error TS2339: Property 'started_at' does not exist on type '{ id: string; status: SessionStatus; }'.
src/app/api/sessions/[id]/status/route.ts(95,79): error TS2339: Property 'ended_at' does not exist on type '{ id: string; status: SessionStatus; }'.
src/app/api/sessions/[id]/status/route.ts(102,20): error TS2339: Property 'metadata' does not exist on type '{ id: string; status: SessionStatus; }'.
src/app/api/sessions/[id]/summary/route.ts(57,17): error TS2339: Property 'summary_submitted_at' does not exist on type '{ id: string; created_at: string; updated_at: string; plan: string; type: SessionType; status: SessionStatus; stripe_session_id: string; intake_id: string | null; ... 20 more ...; customer: SelectQueryError<...>; }'.
src/app/api/sessions/[id]/summary/route.ts(101,48): error TS2769: No overload matches this call.
  Overload 1 of 2, '(values: { id?: string | undefined; created_at?: string | undefined; session_id: string; uploaded_by: string; file_name: string; file_size: number; file_type: string; storage_path: string; file_url?: string | ... 1 more ... | undefined; description?: string | ... 1 more ... | undefined; metadata?: Json | undefined; }, options?: { ...; } | undefined): PostgrestFilterBuilder<...>', gave the following error.
    Object literal may only specify known properties, and 'name' does not exist in type '{ id?: string | undefined; created_at?: string | undefined; session_id: string; uploaded_by: string; file_name: string; file_size: number; file_type: string; storage_path: string; file_url?: string | ... 1 more ... | undefined; description?: string | ... 1 more ... | undefined; metadata?: Json | undefined; }'.
  Overload 2 of 2, '(values: { id?: string | undefined; created_at?: string | undefined; session_id: string; uploaded_by: string; file_name: string; file_size: number; file_type: string; storage_path: string; file_url?: string | ... 1 more ... | undefined; description?: string | ... 1 more ... | undefined; metadata?: Json | undefined; }[], options?: { ...; } | undefined): PostgrestFilterBuilder<...>', gave the following error.
    Object literal may only specify known properties, and 'session_id' does not exist in type '{ id?: string | undefined; created_at?: string | undefined; session_id: string; uploaded_by: string; file_name: string; file_size: number; file_type: string; storage_path: string; file_url?: string | ... 1 more ... | undefined; description?: string | ... 1 more ... | undefined; metadata?: Json | undefined; }[]'.
src/app/api/sessions/[id]/summary/route.ts(144,9): error TS2353: Object literal may only specify known properties, and 'summary_data' does not exist in type '{ id?: string | undefined; created_at?: string | undefined; updated_at?: string | undefined; plan?: string | undefined; type?: SessionType | undefined; status?: SessionStatus | undefined; ... 20 more ...; is_follow_up?: boolean | ... 1 more ... | undefined; }'.
src/app/api/sessions/[id]/summary/route.ts(158,19): error TS2345: Argument of type '"session.summary_submitted"' is not assignable to parameter of type 'LogEvent'.
src/app/api/sessions/[id]/summary/route.ts(171,42): error TS2339: Property 'email' does not exist on type 'SelectQueryError<"could not find the relation between sessions and customer_user_id">'.
src/app/api/sessions/[id]/summary/route.ts(172,41): error TS2339: Property 'full_name' does not exist on type 'SelectQueryError<"could not find the relation between sessions and customer_user_id">'.
src/app/api/sessions/[id]/summary/route.ts(173,41): error TS2339: Property 'full_name' does not exist on type 'SelectQueryError<"could not find the relation between sessions and mechanic_id">'.
src/app/api/sessions/[id]/summary/route.ts(195,3): error TS6133: 'req' is declared but its value is never read.
src/app/api/sessions/[id]/summary/route.ts(223,17): error TS2339: Property 'mechanic_id' does not exist on type 'SelectQueryError<"column 'summary_data' does not exist on 'sessions'.">'.
src/app/api/sessions/[id]/summary/route.ts(223,52): error TS2339: Property 'customer_user_id' does not exist on type 'SelectQueryError<"column 'summary_data' does not exist on 'sessions'.">'.
src/app/api/sessions/[id]/summary/route.ts(227,18): error TS2339: Property 'summary_submitted_at' does not exist on type 'SelectQueryError<"column 'summary_data' does not exist on 'sessions'.">'.
src/app/api/sessions/[id]/summary/route.ts(232,24): error TS2339: Property 'summary_data' does not exist on type 'SelectQueryError<"column 'summary_data' does not exist on 'sessions'.">'.
src/app/api/sessions/[id]/summary/route.ts(233,29): error TS2339: Property 'summary_submitted_at' does not exist on type 'SelectQueryError<"column 'summary_data' does not exist on 'sessions'.">'.
src/app/api/sessions/[id]/summary/route.ts(245,16): error TS6133: 'sendSummaryEmail' is declared but its value is never read.
src/app/api/stripe/webhook/route.ts(137,8): error TS2339: Property 'onConflict' does not exist on type 'PostgrestFilterBuilder<{ PostgrestVersion: "12"; }, { Tables: { contact_requests: { Row: { id: string; created_at: string; name: string; email: string; reason: string; subject: string; message: string; attachment_path: string | null; attachment_url: string | null; status: string; metadata: Json; }; Insert: { ...; };...'.
src/app/api/stripe/webhook/route.ts(174,7): error TS2322: Type 'string | null' is not assignable to type 'string'.
  Type 'null' is not assignable to type 'string'.
src/app/mechanic/dashboard/MechanicDashboardRedesigned.tsx(14,3): error TS6133: 'XCircle' is declared but its value is never read.
src/app/mechanic/dashboard/MechanicDashboardRedesigned.tsx(15,3): error TS6133: 'Eye' is declared but its value is never read.
src/app/mechanic/dashboard/MechanicDashboardRedesigned.tsx(155,26): error TS2345: Argument of type '{ id: string; created_at: string; updated_at: string; customer_id: string; mechanic_id: string | null; session_type: SessionType; plan_code: string; status: "cancelled" | "pending" | "accepted" | "unattended" | "expired"; ... 9 more ...; metadata: Json; }[]' is not assignable to parameter of type 'SetStateAction<SessionRequest[]>'.
  Type '{ id: string; created_at: string; updated_at: string; customer_id: string; mechanic_id: string | null; session_type: SessionType; plan_code: string; status: "cancelled" | "pending" | "accepted" | "unattended" | "expired"; ... 9 more ...; metadata: Json; }[]' is not assignable to type 'SessionRequest[]'.
    Type '{ id: string; created_at: string; updated_at: string; customer_id: string; mechanic_id: string | null; session_type: SessionType; plan_code: string; status: "cancelled" | "pending" | "accepted" | "unattended" | "expired"; ... 9 more ...; metadata: Json; }' is not assignable to type 'SessionRequest'.
      Types of property 'description' are incompatible.
        Type 'string | null' is not assignable to type 'string'.
          Type 'null' is not assignable to type 'string'.
src/app/mechanic/dashboard/MechanicDashboardRedesigned.tsx(156,25): error TS2345: Argument of type '{ id: string; created_at: string; updated_at: string; plan: string; type: SessionType; status: SessionStatus; stripe_session_id: string; intake_id: string | null; ... 18 more ...; is_follow_up: boolean | null; }[]' is not assignable to parameter of type 'SetStateAction<Session[]>'.
  Type '{ id: string; created_at: string; updated_at: string; plan: string; type: SessionType; status: SessionStatus; stripe_session_id: string; intake_id: string | null; ... 18 more ...; is_follow_up: boolean | null; }[]' is not assignable to type 'Session[]'.
    Type '{ id: string; created_at: string; updated_at: string; plan: string; type: SessionType; status: SessionStatus; stripe_session_id: string; intake_id: string | null; ... 18 more ...; is_follow_up: boolean | null; }' is not assignable to type 'Session'.
      Types of property 'customer_user_id' are incompatible.
        Type 'string | null' is not assignable to type 'string'.
          Type 'null' is not assignable to type 'string'.
src/app/mechanic/dashboard/MechanicDashboardRedesigned.tsx(157,28): error TS2345: Argument of type '{ id: string; created_at: string; updated_at: string; plan: string; type: SessionType; status: SessionStatus; stripe_session_id: string; intake_id: string | null; ... 18 more ...; is_follow_up: boolean | null; }[]' is not assignable to parameter of type 'SetStateAction<Session[]>'.
src/app/mechanic/dashboard/MechanicDashboardRedesigned.tsx(464,38): error TS2322: Type 'import("C:/Users/Faiz Hashmi/theautodoctor/src/types/session").SessionStatus' is not assignable to type 'SessionStatus'.
  Type '"accepted"' is not assignable to type 'SessionStatus'.
src/app/mechanic/dashboard/MechanicDashboardRedesigned.tsx(507,38): error TS2322: Type 'import("C:/Users/Faiz Hashmi/theautodoctor/src/types/session").SessionStatus' is not assignable to type 'SessionStatus'.
src/app/sessions/[id]/summary/page.tsx(5,10): error TS6133: 'FileText' is declared but its value is never read.
